{
  message: 'Server is running 5000',
  level: 'info',
  label: 'Info',
  timestamp: '2025-01-16T11:44:40.804Z'
}
{
  message: 'Server is running 5000',
  level: 'info',
  label: 'Info',
  timestamp: '2025-01-16T11:45:16.899Z'
}
{
  message: 'Server is running 5000',
  level: 'info',
  label: 'Info',
  timestamp: '2025-01-16T11:46:10.987Z'
}
{
  message: 'Server is running 5000',
  level: 'info',
  label: 'Info',
  timestamp: '2025-01-16T11:48:03.137Z'
}
{
  message: 'Server is running 5000',
  level: 'info',
  label: 'Info',
  timestamp: '2025-01-16T11:52:53.657Z'
}
{
  message: 'Server is running 5000',
  level: 'info',
  label: 'Info',
  timestamp: '2025-01-16T11:58:56.497Z'
}
