{
  message: 'Server is running 5000',
  level: 'info',
  label: 'Info',
  timestamp: '2025-01-16T09:23:32.796Z'
}
{
  message: 'Server is running 5000',
  level: 'info',
  label: 'Info',
  timestamp: '2025-01-16T09:23:52.910Z'
}
{
  message: 'Server is running 5000',
  level: 'info',
  label: 'Info',
  timestamp: '2025-01-16T09:24:29.663Z'
}
{
  message: 'Server is running 5000',
  level: 'info',
  label: 'Info',
  timestamp: '2025-01-16T09:25:45.787Z'
}
{
  message: 'Server is running 5000',
  level: 'info',
  label: 'Info',
  timestamp: '2025-01-16T09:27:32.434Z'
}
{
  message: 'Server is running 5000',
  level: 'info',
  label: 'Info',
  timestamp: '2025-01-16T09:41:02.215Z'
}
{
  message: 'Server is running 5000',
  level: 'info',
  label: 'Info',
  timestamp: '2025-01-16T09:42:27.604Z'
}
{
  message: 'Server is running 5000',
  level: 'info',
  label: 'Info',
  timestamp: '2025-01-16T09:43:45.441Z'
}
{
  message: 'Server is running 5000',
  level: 'info',
  label: 'Info',
  timestamp: '2025-01-16T09:46:02.215Z'
}
{
  message: 'Server is running 5000',
  level: 'info',
  label: 'Info',
  timestamp: '2025-01-16T09:46:27.890Z'
}
{
  message: 'Server is running 5000',
  level: 'info',
  label: 'Info',
  timestamp: '2025-01-16T09:47:31.803Z'
}
{
  message: 'Server is running 5000',
  level: 'info',
  label: 'Info',
  timestamp: '2025-01-16T09:49:40.288Z'
}
{
  message: 'Server is running 5000',
  level: 'info',
  label: 'Info',
  timestamp: '2025-01-16T09:50:52.009Z'
}
