{
  message: 'Server is running 5000',
  level: 'info',
  label: 'Info',
  timestamp: '2025-01-16T05:36:02.920Z'
}
{
  message: 'create succcessfull',
  level: 'info',
  label: 'Info',
  timestamp: '2025-01-16T05:36:55.470Z'
}
{
  message: 'Server is running 5000',
  level: 'info',
  label: 'Info',
  timestamp: '2025-01-16T05:50:52.591Z'
}
{
  message: 'Server is running 5000',
  level: 'info',
  label: 'Info',
  timestamp: '2025-01-16T05:53:08.545Z'
}
{
  message: 'create succcessfull',
  level: 'info',
  label: 'Info',
  timestamp: '2025-01-16T05:54:25.208Z'
}
{
  message: 'Server is running 5000',
  level: 'info',
  label: 'Info',
  timestamp: '2025-01-16T05:55:34.184Z'
}
{
  message: 'Server is running 5000',
  level: 'info',
  label: 'Info',
  timestamp: '2025-01-16T05:56:18.100Z'
}
{
  message: 'Server is running 5000',
  level: 'info',
  label: 'Info',
  timestamp: '2025-01-16T05:56:43.137Z'
}
{
  message: 'Server is running 5000',
  level: 'info',
  label: 'Info',
  timestamp: '2025-01-16T05:58:19.445Z'
}
{
  message: 'Server is running 5000',
  level: 'info',
  label: 'Info',
  timestamp: '2025-01-16T05:59:13.671Z'
}
