{
  message: 'Server is running 5000',
  level: 'info',
  label: 'Info',
  timestamp: '2025-01-16T12:01:20.707Z'
}
{
  message: 'Server is running 5000',
  level: 'info',
  label: 'Info',
  timestamp: '2025-01-16T12:01:37.340Z'
}
{
  message: 'Server is running 5000',
  level: 'info',
  label: 'Info',
  timestamp: '2025-01-16T12:02:37.253Z'
}
{
  message: 'Server is running 5000',
  level: 'info',
  label: 'Info',
  timestamp: '2025-01-16T12:02:41.951Z'
}
{
  message: 'Server is running 5000',
  level: 'info',
  label: 'Info',
  timestamp: '2025-01-16T12:02:51.958Z'
}
{
  message: 'Server is running 5000',
  level: 'info',
  label: 'Info',
  timestamp: '2025-01-16T12:04:27.147Z'
}
