{
  message: 'Server is running 5000',
  level: 'info',
  label: 'Info',
  timestamp: '2025-01-17T19:03:25.123Z'
}
{
  message: 'Server is running 5000',
  level: 'info',
  label: 'Info',
  timestamp: '2025-01-17T19:04:17.663Z'
}
{
  message: 'Server is running 5000',
  level: 'info',
  label: 'Info',
  timestamp: '2025-01-17T19:05:11.113Z'
}
{
  message: 'Server is running 5000',
  level: 'info',
  label: 'Info',
  timestamp: '2025-01-17T19:05:32.941Z'
}
{
  message: 'Server is running 5000',
  level: 'info',
  label: 'Info',
  timestamp: '2025-01-17T19:05:44.390Z'
}
{
  message: 'Server is running 5000',
  level: 'info',
  label: 'Info',
  timestamp: '2025-01-17T19:11:21.300Z'
}
{
  message: 'Server is running 5000',
  level: 'info',
  label: 'Info',
  timestamp: '2025-01-17T19:11:25.153Z'
}
{
  message: 'Server is running 5000',
  level: 'info',
  label: 'Info',
  timestamp: '2025-01-17T19:11:59.161Z'
}
{
  message: 'Server is running 5000',
  level: 'info',
  label: 'Info',
  timestamp: '2025-01-17T19:14:47.653Z'
}
{
  message: 'Server is running 5000',
  level: 'info',
  label: 'Info',
  timestamp: '2025-01-17T19:15:06.907Z'
}
{
  message: 'Server is running 5000',
  level: 'info',
  label: 'Info',
  timestamp: '2025-01-17T19:15:34.656Z'
}
{
  message: 'Server is running 5000',
  level: 'info',
  label: 'Info',
  timestamp: '2025-01-17T19:17:24.020Z'
}
{
  message: 'Server is running 5000',
  level: 'info',
  label: 'Info',
  timestamp: '2025-01-17T19:25:19.770Z'
}
{
  message: 'Server is running 5000',
  level: 'info',
  label: 'Info',
  timestamp: '2025-01-17T19:27:25.748Z'
}
{
  message: 'Server is running 5000',
  level: 'info',
  label: 'Info',
  timestamp: '2025-01-17T19:27:41.371Z'
}
{
  message: 'Server is running 5000',
  level: 'info',
  label: 'Info',
  timestamp: '2025-01-17T19:28:28.501Z'
}
{
  message: 'Server is running 5000',
  level: 'info',
  label: 'Info',
  timestamp: '2025-01-17T19:28:58.212Z'
}
